elapsed_real_time, filesystem_inputs, filesystem_outputs, max_rss, avg_rss, avg_total_memory, avg_unshared_memory, avg_shared_memory, total_page_faults, total_soft_page_faults
0.23, 0, 8776, 23604, 0, 0, 0, 0, 0, 4512
0.41, 0, 8776, 23492, 0, 0, 0, 0, 0, 4509
0.66, 0, 8776, 23424, 0, 0, 0, 0, 0, 4509
0.14, 0, 8776, 23508, 0, 0, 0, 0, 0, 4512
0.17, 0, 8776, 23536, 0, 0, 0, 0, 0, 4509
