elapsed_real_time, filesystem_inputs, filesystem_outputs, max_rss, avg_rss, avg_total_memory, avg_unshared_memory, avg_shared_memory, total_page_faults, total_soft_page_faults
0.00, 0, 0, 6980, 0, 0, 0, 0, 0, 321
0.00, 0, 0, 6996, 0, 0, 0, 0, 0, 321
0.00, 0, 0, 7024, 0, 0, 0, 0, 0, 320
0.00, 0, 0, 6984, 0, 0, 0, 0, 0, 320
0.00, 0, 0, 6928, 0, 0, 0, 0, 0, 319
