elapsed_real_time, filesystem_inputs, filesystem_outputs, max_rss, avg_rss, avg_total_memory, avg_unshared_memory, avg_shared_memory, total_page_faults, total_soft_page_faults
0.39, 0, 15592, 11608, 0, 0, 0, 0, 0, 2303
0.51, 0, 15592, 11284, 0, 0, 0, 0, 0, 2328
0.62, 0, 15592, 11516, 0, 0, 0, 0, 0, 2354
1.11, 0, 15592, 11372, 0, 0, 0, 0, 0, 2247
1.68, 0, 15592, 11796, 0, 0, 0, 0, 0, 2309
