elapsed_real_time, filesystem_inputs, filesystem_outputs, max_rss, avg_rss, avg_total_memory, avg_unshared_memory, avg_shared_memory, total_page_faults, total_soft_page_faults
0.13, 0, 7784, 22004, 0, 0, 0, 0, 0, 4134
0.16, 0, 7784, 22008, 0, 0, 0, 0, 0, 4132
0.16, 0, 7784, 22036, 0, 0, 0, 0, 0, 4132
0.22, 0, 7784, 22016, 0, 0, 0, 0, 0, 4131
0.22, 0, 7784, 21988, 0, 0, 0, 0, 0, 4131
