elapsed_real_time, filesystem_inputs, filesystem_outputs, max_rss, avg_rss, avg_total_memory, avg_unshared_memory, avg_shared_memory, total_page_faults, total_soft_page_faults
12.18, 0, 759168, 25768, 0, 0, 0, 0, 0, 90942
7.55, 0, 759168, 26924, 0, 0, 0, 0, 0, 97093
10.72, 0, 759168, 26684, 0, 0, 0, 0, 0, 91176
7.95, 0, 759176, 26404, 0, 0, 0, 0, 0, 92459
7.38, 0, 759168, 25768, 0, 0, 0, 0, 0, 91125
