elapsed_real_time, filesystem_inputs, filesystem_outputs, max_rss, avg_rss, avg_total_memory, avg_unshared_memory, avg_shared_memory, total_page_faults, total_soft_page_faults
0.02, 0, 104, 7832, 0, 0, 0, 0, 0, 339
0.23, 0, 104, 7816, 0, 0, 0, 0, 0, 340
0.56, 0, 104, 7772, 0, 0, 0, 0, 0, 339
0.35, 0, 104, 7824, 0, 0, 0, 0, 0, 343
0.69, 0, 104, 7724, 0, 0, 0, 0, 0, 338
