elapsed_real_time, filesystem_inputs, filesystem_outputs, max_rss, avg_rss, avg_total_memory, avg_unshared_memory, avg_shared_memory, total_page_faults, total_soft_page_faults
0.56, 0, 50456, 19204, 0, 0, 0, 0, 0, 8172
1.15, 0, 50456, 19172, 0, 0, 0, 0, 0, 8170
1.74, 0, 50456, 19296, 0, 0, 0, 0, 0, 8172
0.99, 0, 50456, 19176, 0, 0, 0, 0, 0, 8169
1.04, 0, 50456, 19516, 0, 0, 0, 0, 0, 8171
