elapsed_real_time, filesystem_inputs, filesystem_outputs, max_rss, avg_rss, avg_total_memory, avg_unshared_memory, avg_shared_memory, total_page_faults, total_soft_page_faults
0.00, 0, 0, 6624, 0, 0, 0, 0, 0, 308
0.01, 0, 0, 6628, 0, 0, 0, 0, 0, 309
0.01, 0, 0, 6660, 0, 0, 0, 0, 0, 311
0.02, 0, 0, 6812, 0, 0, 0, 0, 0, 310
0.01, 0, 0, 6712, 0, 0, 0, 0, 0, 310
