elapsed_real_time, filesystem_inputs, filesystem_outputs, max_rss, avg_rss, avg_total_memory, avg_unshared_memory, avg_shared_memory, total_page_faults, total_soft_page_faults
0.00, 0, 0, 8400, 0, 0, 0, 0, 0, 357
0.00, 0, 0, 8236, 0, 0, 0, 0, 0, 352
0.00, 0, 0, 8220, 0, 0, 0, 0, 0, 353
0.00, 0, 0, 8160, 0, 0, 0, 0, 0, 354
0.00, 0, 0, 8260, 0, 0, 0, 0, 0, 355
