elapsed_real_time, filesystem_inputs, filesystem_outputs, max_rss, avg_rss, avg_total_memory, avg_unshared_memory, avg_shared_memory, total_page_faults, total_soft_page_faults
0.00, 0, 88, 6928, 0, 0, 0, 0, 0, 319
0.99, 0, 88, 7012, 0, 0, 0, 0, 0, 320
0.76, 0, 88, 7032, 0, 0, 0, 0, 0, 320
0.29, 0, 88, 7028, 0, 0, 0, 0, 0, 320
0.00, 0, 88, 6804, 0, 0, 0, 0, 0, 317
