elapsed_real_time, filesystem_inputs, filesystem_outputs, max_rss, avg_rss, avg_total_memory, avg_unshared_memory, avg_shared_memory, total_page_faults, total_soft_page_faults
0.21, 0, 6936, 24940, 0, 0, 0, 0, 0, 4964
0.41, 0, 6936, 24932, 0, 0, 0, 0, 0, 4963
0.42, 0, 6936, 24820, 0, 0, 0, 0, 0, 4961
0.28, 0, 6936, 24824, 0, 0, 0, 0, 0, 4963
0.73, 0, 6936, 24972, 0, 0, 0, 0, 0, 4963
